../Core/Src/main.c:69:5:main	8	static
../Core/Src/main.c:93:6:StartCanTask	24	static
../Core/Src/main.c:107:6:StartUartTask	16	static
../Core/Src/main.c:125:6:SystemClock_Config	72	static
../Core/Src/main.c:154:13:MX_CAN_Init	8	static
../Core/Src/main.c:174:13:MX_USART2_UART_Init	8	static
../Core/Src/main.c:190:13:MX_GPIO_Init	40	static
../Core/Src/main.c:207:6:PREPARE_UARTS_DATA	16	static
../Core/Src/main.c:225:6:CAN_PARAMS_INIT	8	static
../Core/Src/main.c:245:6:HAL_TIM_PeriodElapsedCallback	16	static
../Core/Src/main.c:251:5:Calculate_SummOfByte	24	static
../Core/Src/main.c:258:5:CheckSum	16	static
../Core/Src/main.c:262:6:Error_Handler	4	static,ignoring_inline_asm
